  2.07	41176	41176	U	0	unclassified
 97.93	1944583	28	R	1	root
 97.65	1939012	0	D	10239	  Viruses
 97.65	1939011	0	D1	2559587	    Riboviria
 97.65	1939011	0	K	2732396	      Orthornavirae
 97.65	1939011	0	P	2732408	        Pisuviricota
 97.65	1939011	0	C	2732506	          Pisoniviricetes
 97.65	1939011	0	O	76804	            Nidovirales
 97.65	1939011	0	O1	2499399	              Cornidovirineae
 97.65	1939011	0	F	11118	                Coronaviridae
 97.65	1939011	0	F1	2501931	                  Orthocoronavirinae
 97.65	1939011	0	G	694002	                    Betacoronavirus
 97.65	1939011	2	G1	2509511	                      Sarbecovirus
 97.65	1939009	3	S	694009	                        Severe acute respiratory syndrome-related coronavirus
 97.64	1938964	1938964	S1	2697049	                          Severe acute respiratory syndrome coronavirus 2
  0.00	42	0	S1	2901879	                          Severe acute respiratory syndrome coronavirus
  0.00	42	42	S2	227984	                            SARS coronavirus Tor2
  0.00	1	0	D1	2731341	    Duplodnaviria
  0.00	1	0	K	2731360	      Heunggongvirae
  0.00	1	0	P	2731618	        Uroviricota
  0.00	1	0	C	2731619	          Caudoviricetes
  0.00	1	0	G	1982355	            Pamexvirus
  0.00	1	0	S	1982357	              Pamexvirus PaMx28
  0.00	1	1	S1	1175659	                Pseudomonas phage PaMx28
  0.28	5500	13	R1	131567	  cellular organisms
  0.25	5038	194	D	2	    Bacteria
  0.24	4755	0	P	1224	      Proteobacteria
  0.19	3681	4	C	1236	        Gammaproteobacteria
  0.14	2726	0	O	135624	          Aeromonadales
  0.14	2726	0	F	84642	            Aeromonadaceae
  0.14	2722	2589	G	642	              Aeromonas
  0.00	43	43	S	648	                Aeromonas caviae
  0.00	42	42	S	652	                Aeromonas schubertii
  0.00	8	8	S	650	                Aeromonas jandaei
  0.00	8	8	S	651	                Aeromonas media
  0.00	7	7	S	218936	                Aeromonas simiae
  0.00	6	6	S	654	                Aeromonas veronii
  0.00	6	6	S	73010	                Aeromonas encheleia
  0.00	5	0	G1	257493	                unclassified Aeromonas
  0.00	3	3	S	2778067	                  Aeromonas sp. FDAARGOS 1418
  0.00	1	1	S	1758179	                  Aeromonas sp. ASNIH5
  0.00	1	1	S	2778054	                  Aeromonas sp. FDAARGOS 1405
  0.00	4	4	S	644	                Aeromonas hydrophila
  0.00	2	2	S	645	                Aeromonas salmonicida
  0.00	2	2	S	29489	                Aeromonas enteropelogenes
  0.00	4	0	G	43947	              Tolumonas
  0.00	4	0	S	43948	                Tolumonas auensis
  0.00	4	4	S1	595494	                  Tolumonas auensis DSM 9187
  0.05	942	2	O	91347	          Enterobacterales
  0.05	938	0	F	543	            Enterobacteriaceae
  0.04	704	13	G	547	              Enterobacter
  0.03	650	11	G1	354276	                Enterobacter cloacae complex
  0.02	447	447	S	208224	                  Enterobacter kobei
  0.01	185	183	S	550	                  Enterobacter cloacae
  0.00	2	0	S1	69219	                    Enterobacter cloacae subsp. dissolvens
  0.00	2	2	S2	1104326	                      Enterobacter cloacae subsp. dissolvens SDM
  0.00	7	7	S	61645	                  Enterobacter asburiae
  0.00	41	41	S	885040	                Enterobacter soli
  0.01	217	0	G	590	              Salmonella
  0.01	217	217	S	28901	                Salmonella enterica
  0.00	14	0	F1	2890311	              Klebsiella/Raoultella group
  0.00	14	0	G	570	                Klebsiella
  0.00	14	14	S	573	                  Klebsiella pneumoniae
  0.00	2	0	G	561	              Escherichia
  0.00	2	2	S	562	                Escherichia coli
  0.00	1	0	G	158483	              Cedecea
  0.00	1	1	S	158822	                Cedecea neteri
  0.00	1	0	F	1903411	            Yersiniaceae
  0.00	1	0	G	613	              Serratia
  0.00	1	1	S	2741499	                Serratia surfactantfaciens
  0.00	1	0	F	1903416	            Budviciaceae
  0.00	1	0	G	82984	              Pragia
  0.00	1	1	S	82985	                Pragia fontium
  0.00	5	0	O	135623	          Vibrionales
  0.00	5	0	F	641	            Vibrionaceae
  0.00	5	0	G	662	              Vibrio
  0.00	5	5	S	674	                Vibrio mimicus
  0.00	2	0	O	135622	          Alteromonadales
  0.00	1	0	F	72275	            Alteromonadaceae
  0.00	1	0	F1	2903219	              Alteromonas/Salinimonas group
  0.00	1	0	G	226	                Alteromonas
  0.00	1	1	S	589873	                  Alteromonas australica
  0.00	1	0	F	267888	            Pseudoalteromonadaceae
  0.00	1	1	G	53246	              Pseudoalteromonas
  0.00	1	0	O	72274	          Pseudomonadales
  0.00	1	0	F	135621	            Pseudomonadaceae
  0.00	1	0	G	286	              Pseudomonas
  0.00	1	0	G1	196821	                unclassified Pseudomonas
  0.00	1	1	S	2866808	                  Pseudomonas sp. MM211
  0.00	1	0	O	135625	          Pasteurellales
  0.00	1	1	F	712	            Pasteurellaceae
  0.05	1051	0	P1	68525	        delta/epsilon subdivisions
  0.05	1047	0	C	28221	          Deltaproteobacteria
  0.05	1046	0	O	69541	            Desulfuromonadales
  0.05	1046	0	F	213422	              Geobacteraceae
  0.05	1046	0	G	115782	                Trichlorobacter
  0.05	1046	0	S	313985	                  Trichlorobacter lovleyi
  0.05	1046	1046	S1	398767	                    Trichlorobacter lovleyi SZ
  0.00	1	0	O	29	            Myxococcales
  0.00	1	0	O1	80812	              Sorangiineae
  0.00	1	0	F	49	                Polyangiaceae
  0.00	1	0	G	39643	                  Sorangium
  0.00	1	1	S	56	                    Sorangium cellulosum
  0.00	4	0	C	29547	          Epsilonproteobacteria
  0.00	4	0	O	213849	            Campylobacterales
  0.00	3	0	F	2808963	              Arcobacteraceae
  0.00	3	0	G	2321111	                Aliarcobacter
  0.00	3	3	S	255507	                  Aliarcobacter cibarius
  0.00	1	0	F	72294	              Campylobacteraceae
  0.00	1	0	G	194	                Campylobacter
  0.00	1	1	S	195	                  Campylobacter coli
  0.00	16	14	C	28211	        Alphaproteobacteria
  0.00	2	0	O	204457	          Sphingomonadales
  0.00	2	0	F	2820280	            Sphingosinicellaceae
  0.00	2	0	G	335405	              Sphingosinicella
  0.00	2	2	S	335406	                Sphingosinicella microcystinivorans
  0.00	7	0	C	28216	        Betaproteobacteria
  0.00	6	0	O	80840	          Burkholderiales
  0.00	5	0	F	80864	            Comamonadaceae
  0.00	4	0	G	2490452	              Serpentinimonas
  0.00	4	4	S	1458425	                Serpentinimonas raichei
  0.00	1	0	G	80865	              Delftia
  0.00	1	1	S	80866	                Delftia acidovorans
  0.00	1	1	F	119060	            Burkholderiaceae
  0.00	1	0	O	206389	          Rhodocyclales
  0.00	1	0	F	2008795	            Azonexaceae
  0.00	1	0	G	138117	              Quatrionicoccus
  0.00	1	1	S	138118	                Quatrionicoccus australiensis
  0.00	47	0	D1	1783270	      FCB group
  0.00	47	0	D2	68336	        Bacteroidetes/Chlorobi group
  0.00	47	2	P	976	          Bacteroidetes
  0.00	45	0	C	200643	            Bacteroidia
  0.00	45	0	O	171549	              Bacteroidales
  0.00	39	0	F	815	                Bacteroidaceae
  0.00	39	3	G	816	                  Bacteroides
  0.00	36	36	S	46506	                    Bacteroides stercoris
  0.00	3	0	F	171552	                Prevotellaceae
  0.00	3	0	G	838	                  Prevotella
  0.00	1	1	S	28129	                    Prevotella denticola
  0.00	1	1	S	28131	                    Prevotella intermedia
  0.00	1	1	G1	2638335	                    unclassified Prevotella
  0.00	3	0	F	1853231	                Odoribacteraceae
  0.00	3	0	G	283168	                  Odoribacter
  0.00	3	3	S	28118	                    Odoribacter splanchnicus
  0.00	36	0	D1	1783272	      Terrabacteria group
  0.00	21	0	P	1239	        Firmicutes
  0.00	11	0	C	91061	          Bacilli
  0.00	6	0	O	1385	            Bacillales
  0.00	6	0	F	90964	              Staphylococcaceae
  0.00	6	0	G	1279	                Staphylococcus
  0.00	6	6	S	29382	                  Staphylococcus cohnii
  0.00	5	0	O	186826	            Lactobacillales
  0.00	3	0	F	33958	              Lactobacillaceae
  0.00	3	0	G	2742598	                Limosilactobacillus
  0.00	3	3	S	1613	                  Limosilactobacillus fermentum
  0.00	2	0	F	81852	              Enterococcaceae
  0.00	2	0	G	1350	                Enterococcus
  0.00	2	2	S	1352	                  Enterococcus faecium
  0.00	8	0	C	186801	          Clostridia
  0.00	8	0	O	186802	            Eubacteriales
  0.00	8	0	F	216572	              Oscillospiraceae
  0.00	7	0	G	946234	                Flavonifractor
  0.00	7	7	S	292800	                  Flavonifractor plautii
  0.00	1	0	G	2892397	                Pusillibacter
  0.00	1	1	S	2714358	                  Pusillibacter faecalis
  0.00	2	0	C	909932	          Negativicutes
  0.00	2	0	O	1843488	            Acidaminococcales
  0.00	2	0	F	909930	              Acidaminococcaceae
  0.00	2	0	G	33024	                Phascolarctobacterium
  0.00	2	2	S	626940	                  Phascolarctobacterium succinatutens
  0.00	14	0	P	201174	        Actinobacteria
  0.00	14	5	C	1760	          Actinomycetia
  0.00	9	0	O	85007	            Corynebacteriales
  0.00	9	0	F	1762	              Mycobacteriaceae
  0.00	9	0	G	1763	                Mycobacterium
  0.00	9	0	G1	77643	                  Mycobacterium tuberculosis complex
  0.00	9	9	S	78331	                    Mycobacterium canettii
  0.00	1	0	D2	1798711	        Cyanobacteria/Melainabacteria group
  0.00	1	0	P	1117	          Cyanobacteria
  0.00	1	0	P1	1301283	            Oscillatoriophycideae
  0.00	1	0	O	1118	              Chroococcales
  0.00	1	0	F	2815910	                Geminocystaceae
  0.00	1	0	G	102234	                  Cyanobacterium
  0.00	1	0	S	379064	                    Cyanobacterium aponinum
  0.00	1	1	S1	755178	                      Cyanobacterium aponinum PCC 10605
  0.00	6	0	D1	1783257	      PVC group
  0.00	6	0	P	74201	        Verrucomicrobia
  0.00	6	0	C	203494	          Verrucomicrobiae
  0.00	6	0	O	48461	            Verrucomicrobiales
  0.00	6	0	F	203557	              Verrucomicrobiaceae
  0.00	6	0	G	1348508	                Roseimicrobium
  0.00	6	0	G1	2711230	                  unclassified Roseimicrobium
  0.00	6	6	S	2711231	                    Roseimicrobium sp. ORNL1
  0.02	449	0	D	2759	    Eukaryota
  0.02	449	0	D1	33154	      Opisthokonta
  0.02	449	0	K	33208	        Metazoa
  0.02	449	0	K1	6072	          Eumetazoa
  0.02	449	0	K2	33213	            Bilateria
  0.02	449	0	K3	33511	              Deuterostomia
  0.02	449	0	P	7711	                Chordata
  0.02	449	0	P1	89593	                  Craniata
  0.02	449	0	P2	7742	                    Vertebrata
  0.02	449	0	P3	7776	                      Gnathostomata
  0.02	449	0	P4	117570	                        Teleostomi
  0.02	449	0	P5	117571	                          Euteleostomi
  0.02	449	0	P6	8287	                            Sarcopterygii
  0.02	449	0	P7	1338369	                              Dipnotetrapodomorpha
  0.02	449	0	P8	32523	                                Tetrapoda
  0.02	449	0	P9	32524	                                  Amniota
  0.02	449	0	C	40674	                                    Mammalia
  0.02	449	0	C1	32525	                                      Theria
  0.02	449	0	C2	9347	                                        Eutheria
  0.02	449	0	C3	1437010	                                          Boreoeutheria
  0.02	449	0	C4	314146	                                            Euarchontoglires
  0.02	449	0	O	9443	                                              Primates
  0.02	449	0	O1	376913	                                                Haplorrhini
  0.02	449	0	O2	314293	                                                  Simiiformes
  0.02	449	0	O3	9526	                                                    Catarrhini
  0.02	449	0	O4	314295	                                                      Hominoidea
  0.02	449	0	F	9604	                                                        Hominidae
  0.02	449	0	F1	207598	                                                          Homininae
  0.02	449	0	G	9605	                                                            Homo
  0.02	449	449	S	9606	                                                              Homo sapiens
  0.00	43	0	R1	2787854	  other entries
  0.00	43	43	R2	28384	    other sequences
